23:56:49 **** Build of configuration Debug for project SerialInterface ****
make all 
Building file: ../src/main.c
Invoking: Cross ARM C Compiler
arm-none-eabi-gcc -mcpu=cortex-m0 -mthumb -Og -fmessage-length=0 -fsigned-char -ffunction-sections -fdata-sections -ffreestanding -fno-move-loop-invariants -Wall -Wextra  -g3 -DDEBUG -DUSE_FULL_ASSERT -DSTM32F030 -DUSE_STDPERIPH_DRIVER -DHSE_VALUE=8000000 -I"../include" -I"../system/include" -I"../system/include/cmsis" -I"../system/include/stm32f0-stdperiph" -std=gnu11 -MMD -MP -MF"src/main.d" -MT"src/main.o" -c -o "src/main.o" "../src/main.c"
Finished building: ../src/main.c
 
Building target: SerialInterface.elf
Invoking: Cross ARM C++ Linker
arm-none-eabi-g++ -mcpu=cortex-m0 -mthumb -Og -fmessage-length=0 -fsigned-char -ffunction-sections -fdata-sections -ffreestanding -fno-move-loop-invariants -Wall -Wextra  -g3 -T mem.ld -T libs.ld -T sections.ld -nostartfiles -Xlinker --gc-sections -L"../ldscripts" -Wl,-Map,"SerialInterface.map" --specs=nano.specs -o "SerialInterface.elf"  ./system/src/stm32f0-stdperiph/stm32f0xx_gpio.o ./system/src/stm32f0-stdperiph/stm32f0xx_rcc.o  ./system/src/newlib/_cxx.o ./system/src/newlib/_exit.o ./system/src/newlib/_sbrk.o ./system/src/newlib/_startup.o ./system/src/newlib/_syscalls.o ./system/src/newlib/assert.o  ./system/src/diag/Trace.o ./system/src/diag/trace_impl.o  ./system/src/cortexm/_initialize_hardware.o ./system/src/cortexm/_reset_hardware.o ./system/src/cortexm/exception_handlers.o  ./system/src/cmsis/system_stm32f0xx.o ./system/src/cmsis/vectors_stm32f0xx.o  ./src/MCU/usart2.o  ./src/FIFO.o ./src/_write.o ./src/main.o   
Finished building target: SerialInterface.elf
 
Invoking: Cross ARM GNU Create Flash Image
arm-none-eabi-objcopy -O ihex "SerialInterface.elf"  "SerialInterface.hex"
Finished building: SerialInterface.hex
 
Invoking: Cross ARM GNU Print Size
arm-none-eabi-size --format=berkeley "SerialInterface.elf"
   text	   data	    bss	    dec	    hex	filename
   1452	     76	   2836	   4364	   110c	SerialInterface.elf
Finished building: SerialInterface.siz
 
21:52:08 **** Build of configuration Debug for project SerialInterface ****
make all 
Invoking: Cross ARM GNU Print Size
arm-none-eabi-size --format=berkeley "SerialInterface.elf"
   text	   data	    bss	    dec	    hex	filename
   1452	     76	   2836	   4364	   110c	SerialInterface.elf
Finished building: SerialInterface.siz
 
